// Jest Snapshot v1, https://goo.gl/fbAQLP

exports[`Create listing PDS data set handler process method should create a listing PDS data set if requested 1`] = `
Object {
  "commandResponse": "created",
  "success": true,
}
`;

exports[`Create listing PDS data set handler process method should create a listing PDS data set if requested 2`] = `""`;

exports[`Create listing PDS data set handler process method should create a listing PDS data set if requested 3`] = `
"
created"
`;
